SQL> SET PAGESIZE 25
SQL> SET LINESIZE 100
SQL> //EJERCICIOS DE CLASE: DIAS VIVIDOS, RAIZ CUADRADA DE 2^5, LONGITUD NOMBRE ASIGNATURAS
SP2-0103: Nothing in SQL buffer to run.
SQL> SELECT SYSDATE-TO_DATE('1997-08-24', 'YYYY-MM-DD') "DIAS DE VIDA";
SELECT SYSDATE-TO_DATE('1997-08-24', 'YYYY-MM-DD') "DIAS DE VIDA"
                                                                *
ERROR at line 1:
ORA-00923: FROM keyword not found where expected 


SQL> SELECT SYSDATE-TO_DATE('1997-08-24', 'YYYY-MM-DD') "DIAS DE VIDA"
  2  FROM DUAL;

DIAS DE VIDA                                                                                        
------------                                                                                        
  7752.56212                                                                                        

SQL> //

DIAS DE VIDA                                                                                        
------------                                                                                        
  7752.56227                                                                                        

SQL> SELECT SQRT(POW(2,5))
  2  FROM DUAL;
SELECT SQRT(POW(2,5))
            *
ERROR at line 1:
ORA-00904: "POW": invalid identifier 


SQL> SELECT SQRT(POWER(2,5))
  2  FROM DUAL;

SQRT(POWER(2,5))                                                                                    
----------------                                                                                    
      5.65685425                                                                                    

SQL> SELECT SQRT(POWER(2,5)) "RAIZ 2^5"
  2  FROM DUAL;

  RAIZ 2^5                                                                                          
----------                                                                                          
5.65685425                                                                                          

SQL> SELECT LENGHT(A), A
  2  FROM ASIGNATURA;
SELECT LENGHT(A), A
       *
ERROR at line 1:
ORA-00904: "LENGHT": invalid identifier 


SQL> SELECT A, LENGTH(A)
  2  FROM ASIGNATURA;

A                                                   LENGTH(A)                                       
-------------------------------------------------- ----------                                       
BASES DE DATOS                                             14                                       
INTELIGENCIA ARTIFICIAL                                    23                                       
ALMACENES DE DATOS                                         18                                       
MINERIA DE DATOS                                           16                                       
INFORMATICA BASICA                                         18                                       
ALGEBRA                                                     7                                       
CALCULO                                                     7                                       
OPTIMIZACION                                               12                                       
GESTION DE RIESGOS                                         18                                       
ASTRONOMIA                                                 10                                       
ENSENANZA DE LA MATEMATICA                                 26                                       
ANALISIS COMPLETO                                          17                                       

12 rows selected.

SQL> SELECT A, LENGTH(A) "LONGITUD"
  2  FROM ASIGNATURA;

A                                                    LONGITUD                                       
-------------------------------------------------- ----------                                       
BASES DE DATOS                                             14                                       
INTELIGENCIA ARTIFICIAL                                    23                                       
ALMACENES DE DATOS                                         18                                       
MINERIA DE DATOS                                           16                                       
INFORMATICA BASICA                                         18                                       
ALGEBRA                                                     7                                       
CALCULO                                                     7                                       
OPTIMIZACION                                               12                                       
GESTION DE RIESGOS                                         18                                       
ASTRONOMIA                                                 10                                       
ENSENANZA DE LA MATEMATICA                                 26                                       
ANALISIS COMPLETO                                          17                                       

12 rows selected.

SQL> REM --------------1
SQL> SELECT A
  2  FROM ASIGNATURA
  3  WHERE CAR LIKE 'A%';

no rows selected

SQL> SELECT A
  2  FROM ASIGNATURA
  3  WHERE CAR IN (SELECT CAR FROM AREA WHERE AR LIKE 'A%');

A                                                                                                   
--------------------------------------------------                                                  
ALGEBRA                                                                                             
ANALISIS COMPLETO                                                                                   
ASTRONOMIA                                                                                          

SQL> REM ----2
SQL> SELECT A
  2  FROM ASINATURA
  3  WHERE CAR IN (SELECT CAR IN AREA WHERE AR LIKE '%A');
WHERE CAR IN (SELECT CAR IN AREA WHERE AR LIKE '%A')
                         *
ERROR at line 3:
ORA-00923: FROM keyword not found where expected 


SQL> SELECT A
  2  FROM ASINATURA
  3  WHERE CAR IN (SELECT CAR FROM AREA WHERE AR LIKE '%A');
FROM ASINATURA
     *
ERROR at line 2:
ORA-00942: table or view does not exist 


SQL> SELECT A
  2  FROM ASIGNATURA
  3  WHERE CAR IN (SELECT CAR FROM AREA WHERE AR LIKE '%A');

A                                                                                                   
--------------------------------------------------                                                  
ALGEBRA                                                                                             
ASTRONOMIA                                                                                          
ENSENANZA DE LA MATEMATICA                                                                          
CALCULO                                                                                             

SQL> SELECT *
  2  FRM AREA;
FRM AREA
*
ERROR at line 2:
ORA-00923: FROM keyword not found where expected 


SQL> SELECT *
  2  FROM AREA;

       CAR AR                                                                   CD                  
---------- ------------------------------------------------------------ ----------                  
         1 ALGEBRA                                                               4                  
         2 ANALISIS MATEMATICO                                                   1                  
         3 ASTRONOMIA Y ASTROFISICA                                              2                  
         4 CIENCIAS DE LA COMPUTACION E INTELIGENCIA ARTIFICIAL                  3                  
         5 DIDACTICA DE LA MATEMATICA                                            1                  
         6 ESTAIDSTICA E INVESTIGACION OPERATIVAS                                3                  
         7 LENGUAJES Y SISTEMAS INFORMATICOS                                     3                  
         8 MATEMATICA APLICADA                                                   1                  

8 rows selected.

SQL> SELECT *
  2  FROM ASIGNATURA;

       CAS A                                                  T           CUR        CAR         CT 
---------- -------------------------------------------------- ---- ---------- ---------- ---------- 
        CP         CL                                                                               
---------- ----------                                                                               
         1 BASES DE DATOS                                     GII           3          7          3 
       1.5        1.5                                                                               
                                                                                                    
         2 INTELIGENCIA ARTIFICIAL                            GII           3          4        1.5 
       1.5          3                                                                               
                                                                                                    
         3 ALMACENES DE DATOS                                 MII           1          7        1.5 
         0        1.5                                                                               
                                                                                                    
         4 MINERIA DE DATOS                                   MII           1          7        1.5 
         0        1.5                                                                               
                                                                                                    
         5 INFORMATICA BASICA                                 GII           1          7          3 
       1.5        1.5                                                                               
                                                                                                    
         6 ALGEBRA                                            GII           1          1          3 
         3          0                                                                               
                                                                                                    
         7 CALCULO                                            GII           1          8          3 
         3          0                                                                               

       CAS A                                                  T           CUR        CAR         CT 
---------- -------------------------------------------------- ---- ---------- ---------- ---------- 
        CP         CL                                                                               
---------- ----------                                                                               
                                                                                                    
         8 OPTIMIZACION                                       GII           1          6          3 
       1.5        1.5                                                                               
                                                                                                    
         9 GESTION DE RIESGOS                                 GII           3          4          3 
         0          3                                                                               
                                                                                                    
        10 ASTRONOMIA                                         GF            2          3          3 
       1.5        1.5                                                                               
                                                                                                    
        11 ENSENANZA DE LA MATEMATICA                         GM            2          5          6 
         0          0                                                                               
                                                                                                    
        12 ANALISIS COMPLETO                                  GM            4          2        4.5 
         3          0                                                                               
                                                                                                    

12 rows selected.

SQL> SELECT A
  2  FROM ASIGNATURA
  3  WHERE CAR IN (SELECT CAR FROM AREA WHERE AR LIKE '%A');

A                                                                                                   
--------------------------------------------------                                                  
ALGEBRA                                                                                             
ASTRONOMIA                                                                                          
ENSENANZA DE LA MATEMATICA                                                                          
CALCULO                                                                                             

SQL> SELECT *
  2  FROM ASIGNATURA;

       CAS A                                                  T           CUR        CAR         CT 
---------- -------------------------------------------------- ---- ---------- ---------- ---------- 
        CP         CL                                                                               
---------- ----------                                                                               
         1 BASES DE DATOS                                     GII           3          7          3 
       1.5        1.5                                                                               
                                                                                                    
         2 INTELIGENCIA ARTIFICIAL                            GII           3          4        1.5 
       1.5          3                                                                               
                                                                                                    
         3 ALMACENES DE DATOS                                 MII           1          7        1.5 
         0        1.5                                                                               
                                                                                                    
         4 MINERIA DE DATOS                                   MII           1          7        1.5 
         0        1.5                                                                               
                                                                                                    
         5 INFORMATICA BASICA                                 GII           1          7          3 
       1.5        1.5                                                                               
                                                                                                    
         6 ALGEBRA                                            GII           1          1          3 
         3          0                                                                               
                                                                                                    
         7 CALCULO                                            GII           1          8          3 
         3          0                                                                               

       CAS A                                                  T           CUR        CAR         CT 
---------- -------------------------------------------------- ---- ---------- ---------- ---------- 
        CP         CL                                                                               
---------- ----------                                                                               
                                                                                                    
         8 OPTIMIZACION                                       GII           1          6          3 
       1.5        1.5                                                                               
                                                                                                    
         9 GESTION DE RIESGOS                                 GII           3          4          3 
         0          3                                                                               
                                                                                                    
        10 ASTRONOMIA                                         GF            2          3          3 
       1.5        1.5                                                                               
                                                                                                    
        11 ENSENANZA DE LA MATEMATICA                         GM            2          5          6 
         0          0                                                                               
                                                                                                    
        12 ANALISIS COMPLETO                                  GM            4          2        4.5 
         3          0                                                                               
                                                                                                    

12 rows selected.

SQL> SELECT *
  2  FROM ASIGNATURA;

       CAS A                                                  T           CUR        CAR         CT 
---------- -------------------------------------------------- ---- ---------- ---------- ---------- 
        CP         CL                                                                               
---------- ----------                                                                               
         1 BASES DE DATOS                                     GII           3          7          3 
       1.5        1.5                                                                               
                                                                                                    
         2 INTELIGENCIA ARTIFICIAL                            GII           3          4        1.5 
       1.5          3                                                                               
                                                                                                    
         3 ALMACENES DE DATOS                                 MII           1          7        1.5 
         0        1.5                                                                               
                                                                                                    
         4 MINERIA DE DATOS                                   MII           1          7        1.5 
         0        1.5                                                                               
                                                                                                    
         5 INFORMATICA BASICA                                 GII           1          7          3 
       1.5        1.5                                                                               
                                                                                                    
         6 ALGEBRA                                            GII           1          1          3 
         3          0                                                                               
                                                                                                    
         7 CALCULO                                            GII           1          8          3 
         3          0                                                                               

       CAS A                                                  T           CUR        CAR         CT 
---------- -------------------------------------------------- ---- ---------- ---------- ---------- 
        CP         CL                                                                               
---------- ----------                                                                               
                                                                                                    
         8 OPTIMIZACION                                       GII           1          6          3 
       1.5        1.5                                                                               
                                                                                                    
         9 GESTION DE RIESGOS                                 GII           3          4          3 
         0          3                                                                               
                                                                                                    
        10 ASTRONOMIA                                         GF            2          3          3 
       1.5        1.5                                                                               
                                                                                                    
        11 ENSENANZA DE LA MATEMATICA                         GM            2          5          6 
         0          0                                                                               
                                                                                                    
        12 ANALISIS COMPLETO                                  GM            4          2        4.5 
         3          0                                                                               
                                                                                                    

12 rows selected.

SQL> SET LINESIZE 120
SQL> SELECT *
  2  SET LINESIZE 120
  3  
SQL> SELECT *
  2  FROM ASIGNATURA;

       CAS A                                                  T           CUR        CAR         CT         CP          
---------- -------------------------------------------------- ---- ---------- ---------- ---------- ----------          
        CL                                                                                                              
----------                                                                                                              
         1 BASES DE DATOS                                     GII           3          7          3        1.5          
       1.5                                                                                                              
                                                                                                                        
         2 INTELIGENCIA ARTIFICIAL                            GII           3          4        1.5        1.5          
         3                                                                                                              
                                                                                                                        
         3 ALMACENES DE DATOS                                 MII           1          7        1.5          0          
       1.5                                                                                                              
                                                                                                                        
         4 MINERIA DE DATOS                                   MII           1          7        1.5          0          
       1.5                                                                                                              
                                                                                                                        
         5 INFORMATICA BASICA                                 GII           1          7          3        1.5          
       1.5                                                                                                              
                                                                                                                        
         6 ALGEBRA                                            GII           1          1          3          3          
         0                                                                                                              
                                                                                                                        
         7 CALCULO                                            GII           1          8          3          3          
         0                                                                                                              

       CAS A                                                  T           CUR        CAR         CT         CP          
---------- -------------------------------------------------- ---- ---------- ---------- ---------- ----------          
        CL                                                                                                              
----------                                                                                                              
                                                                                                                        
         8 OPTIMIZACION                                       GII           1          6          3        1.5          
       1.5                                                                                                              
                                                                                                                        
         9 GESTION DE RIESGOS                                 GII           3          4          3          0          
         3                                                                                                              
                                                                                                                        
        10 ASTRONOMIA                                         GF            2          3          3        1.5          
       1.5                                                                                                              
                                                                                                                        
        11 ENSENANZA DE LA MATEMATICA                         GM            2          5          6          0          
         0                                                                                                              
                                                                                                                        
        12 ANALISIS COMPLETO                                  GM            4          2        4.5          3          
         0                                                                                                              
                                                                                                                        

12 rows selected.

SQL> SET LINESIZE 150
SQL> SELECT *
  2  FROM ASIGNATURA;

       CAS A                                                  T           CUR        CAR         CT         CP         CL                             
---------- -------------------------------------------------- ---- ---------- ---------- ---------- ---------- ----------                             
         1 BASES DE DATOS                                     GII           3          7          3        1.5        1.5                             
         2 INTELIGENCIA ARTIFICIAL                            GII           3          4        1.5        1.5          3                             
         3 ALMACENES DE DATOS                                 MII           1          7        1.5          0        1.5                             
         4 MINERIA DE DATOS                                   MII           1          7        1.5          0        1.5                             
         5 INFORMATICA BASICA                                 GII           1          7          3        1.5        1.5                             
         6 ALGEBRA                                            GII           1          1          3          3          0                             
         7 CALCULO                                            GII           1          8          3          3          0                             
         8 OPTIMIZACION                                       GII           1          6          3        1.5        1.5                             
         9 GESTION DE RIESGOS                                 GII           3          4          3          0          3                             
        10 ASTRONOMIA                                         GF            2          3          3        1.5        1.5                             
        11 ENSENANZA DE LA MATEMATICA                         GM            2          5          6          0          0                             
        12 ANALISIS COMPLETO                                  GM            4          2        4.5          3          0                             

12 rows selected.

SQL> SELECT *
  2  FROM AREA;

       CAR AR                                                                   CD                                                                    
---------- ------------------------------------------------------------ ----------                                                                    
         1 ALGEBRA                                                               4                                                                    
         2 ANALISIS MATEMATICO                                                   1                                                                    
         3 ASTRONOMIA Y ASTROFISICA                                              2                                                                    
         4 CIENCIAS DE LA COMPUTACION E INTELIGENCIA ARTIFICIAL                  3                                                                    
         5 DIDACTICA DE LA MATEMATICA                                            1                                                                    
         6 ESTAIDSTICA E INVESTIGACION OPERATIVAS                                3                                                                    
         7 LENGUAJES Y SISTEMAS INFORMATICOS                                     3                                                                    
         8 MATEMATICA APLICADA                                                   1                                                                    

8 rows selected.

SQL> UPDATE AREA
  2  SET AR = 'ESTADISTICA E INVESTIGACION OPERATIVA'
  3  WHERE CAR = 6;

1 row updated.

SQL> SELECT *
  2  FROM AREA;

       CAR AR                                                                   CD                                                                    
---------- ------------------------------------------------------------ ----------                                                                    
         1 ALGEBRA                                                               4                                                                    
         2 ANALISIS MATEMATICO                                                   1                                                                    
         3 ASTRONOMIA Y ASTROFISICA                                              2                                                                    
         4 CIENCIAS DE LA COMPUTACION E INTELIGENCIA ARTIFICIAL                  3                                                                    
         5 DIDACTICA DE LA MATEMATICA                                            1                                                                    
         6 ESTADISTICA E INVESTIGACION OPERATIVA                                 3                                                                    
         7 LENGUAJES Y SISTEMAS INFORMATICOS                                     3                                                                    
         8 MATEMATICA APLICADA                                                   1                                                                    

8 rows selected.

SQL> SELECT A
  2  FROM ASIGNATURA
  3  WHERE CAR IN (SELECT CAR FROM AREA WHERE AR LIKE '%A');

A                                                                                                                                                     
--------------------------------------------------                                                                                                    
ALGEBRA                                                                                                                                               
ASTRONOMIA                                                                                                                                            
ENSENANZA DE LA MATEMATICA                                                                                                                            
OPTIMIZACION                                                                                                                                          
CALCULO                                                                                                                                               

SQL> REM ----3
SQL> SELECT A
  2  FROM ASIGNATURA
  3  WHERE A LIKE '%DATOS%';

A                                                                                                                                                     
--------------------------------------------------                                                                                                    
BASES DE DATOS                                                                                                                                        
ALMACENES DE DATOS                                                                                                                                    
MINERIA DE DATOS                                                                                                                                      

SQL> SPOOL OFF
SQL> REM ---4
SQL> SELECT DNI
  2  FROM PROFESOR
  3  WHERE P LIKE '___R%';

       DNI                                                                                                              
----------                                                                                                              
      3333                                                                                                              

SQL> SELECT DNI
  2  FROM PROFESOR
  3  WHERE P LIKE '__R%';

       DNI                                                                                                              
----------                                                                                                              
      2222                                                                                                              
      4444                                                                                                              
      6666                                                                                                              
      7777                                                                                                              

SQL> SELECT DISTINC DNI
  2  FROM PROFESOR
  3  WHERE LENGTN (P) <= 5;
WHERE LENGTN (P) <= 5
      *
ERROR at line 3:
ORA-00904: "LENGTN": invalid identifier 


SQL> SELECT DISTINC DNI
  2  FROM PROFESOR
  3  WHERE LENGTH (P) <= 5;
SELECT DISTINC DNI
       *
ERROR at line 1:
ORA-00904: "DISTINC": invalid identifier 


SQL> SELECT DISTINCT DNI
  2  FROM PROFESOR
  3  WHERE LENGTH (P) <= 5;

       DNI                                                                                                              
----------                                                                                                              
      1111                                                                                                              
      3333                                                                                                              
      4444                                                                                                              
      5555                                                                                                              
      7777                                                                                                              
      1010                                                                                                              

6 rows selected.

SQL> REM ----7
SQL> REM ----6
SQL> SELECT DISTINCT DNI
  2  FROM PROFESOR
  3  WHERE LENGTH (P) > 5;

       DNI                                                                                                              
----------                                                                                                              
      2222                                                                                                              
      6666                                                                                                              
      8888                                                                                                              
      9999                                                                                                              
      2020                                                                                                              
      3030                                                                                                              

6 rows selected.

SQL> SELECT P
  2  FROM PROFESOR
  3  WHERE DNI IN (SELECT DNI FROM PLAN_DOCENTE WHERE FF IS NULL);

P                                                                                                                       
------------------------------------------------------------                                                            
DAVID                                                                                                                   
JUAN                                                                                                                    
SOLEDAD                                                                                                                 
CARLOS                                                                                                                  
JOSE MANUEL                                                                                                             
PEDRO                                                                                                                   
MARIA                                                                                                                   
IVAN                                                                                                                    
MARIO                                                                                                                   
FRANCISCO                                                                                                               
ANGELA                                                                                                                  

11 rows selected.

SQL> REM --8
SQL> SELECT P
  2  FROM PROFESOR
  3  WHERE DNI IN (SELECT DNI FROM PLAN_DOCENTE WHERE CAS=8);

P                                                                                                                       
------------------------------------------------------------                                                            
JUAN                                                                                                                    
JOSE MANUEL                                                                                                             

SQL> SPOOL OFF
SQL> SPOOL
currently spooling to P5_PABLO_MARTIN_GONZALEZ.lst
SQL> SELECT *
  2  FROM PLAN_DOCENTE
  3  ORDER BY FF;

       DNI        CAS        CTA        CPA        CLA FI        FF             
---------- ---------- ---------- ---------- ---------- --------- ---------      
      2222          3        1.5          0        1.5 01-SEP-06 31-AUG-07      
      1010          2        1.5        1.5          3 01-SEP-05 31-AUG-08      
      1010          9          3          0          3 01-SEP-08 31-AUG-09      
      1111          8          3        1.5        1.5 01-SEP-07 31-AUG-09      
      4444          4        1.5          0        1.5 01-SEP-08 31-AUG-10      
      6666         10          3        1.5        1.5 01-SEP-08 31-AUG-11      
      1010          9        1.5          0        1.5 01-SEP-09                
      9999          7          3          3          0 01-SEP-10                
      5555          6          3          3          0 31-MAR-10                
      8888         11          6          0          0 01-SEP-09                
      2020          3        1.5          0        1.5 01-SEP-08                

       DNI        CAS        CTA        CPA        CLA FI        FF             
---------- ---------- ---------- ---------- ---------- --------- ---------      
      7777         12        4.5          3          0 01-SEP-10                
      3333          9        1.5          0        1.5 01-SEP-09                
      2222          4        1.5          0        1.5 01-SEP-09                
      3030          8          0        1.5        1.5 01-SEP-09                
      1111          8          3          0          0 01-SEP-09                
      4444          5          3          0          0 01-SEP-10                
      4444          1          3        1.5        1.5 01-SEP-11                
      3333          2        1.5        1.5          3 01-SEP-08                

19 rows selected.

SQL> SET LINESIZE 150
SQL> SET PAGESIZE 30
SQL> REM --9
SQL> SELECT *
  2  FROM PLAN_DOCENTE
  3  ORDER BY FF;

       DNI        CAS        CTA        CPA        CLA FI        FF                                                                                   
---------- ---------- ---------- ---------- ---------- --------- ---------                                                                            
      2222          3        1.5          0        1.5 01-SEP-06 31-AUG-07                                                                            
      1010          2        1.5        1.5          3 01-SEP-05 31-AUG-08                                                                            
      1010          9          3          0          3 01-SEP-08 31-AUG-09                                                                            
      1111          8          3        1.5        1.5 01-SEP-07 31-AUG-09                                                                            
      4444          4        1.5          0        1.5 01-SEP-08 31-AUG-10                                                                            
      6666         10          3        1.5        1.5 01-SEP-08 31-AUG-11                                                                            
      1010          9        1.5          0        1.5 01-SEP-09                                                                                      
      9999          7          3          3          0 01-SEP-10                                                                                      
      5555          6          3          3          0 31-MAR-10                                                                                      
      8888         11          6          0          0 01-SEP-09                                                                                      
      2020          3        1.5          0        1.5 01-SEP-08                                                                                      
      7777         12        4.5          3          0 01-SEP-10                                                                                      
      3333          9        1.5          0        1.5 01-SEP-09                                                                                      
      2222          4        1.5          0        1.5 01-SEP-09                                                                                      
      3030          8          0        1.5        1.5 01-SEP-09                                                                                      
      1111          8          3          0          0 01-SEP-09                                                                                      
      4444          5          3          0          0 01-SEP-10                                                                                      
      4444          1          3        1.5        1.5 01-SEP-11                                                                                      
      3333          2        1.5        1.5          3 01-SEP-08                                                                                      

19 rows selected.

SQL> SELECT *
  2  FROM PLAN_DOCENTE
  3  ORDER BY FF DESC;

       DNI        CAS        CTA        CPA        CLA FI        FF                                                                                   
---------- ---------- ---------- ---------- ---------- --------- ---------                                                                            
      4444          1          3        1.5        1.5 01-SEP-11                                                                                      
      3333          2        1.5        1.5          3 01-SEP-08                                                                                      
      7777         12        4.5          3          0 01-SEP-10                                                                                      
      2020          3        1.5          0        1.5 01-SEP-08                                                                                      
      8888         11          6          0          0 01-SEP-09                                                                                      
      5555          6          3          3          0 31-MAR-10                                                                                      
      9999          7          3          3          0 01-SEP-10                                                                                      
      4444          5          3          0          0 01-SEP-10                                                                                      
      1111          8          3          0          0 01-SEP-09                                                                                      
      3030          8          0        1.5        1.5 01-SEP-09                                                                                      
      2222          4        1.5          0        1.5 01-SEP-09                                                                                      
      3333          9        1.5          0        1.5 01-SEP-09                                                                                      
      1010          9        1.5          0        1.5 01-SEP-09                                                                                      
      6666         10          3        1.5        1.5 01-SEP-08 31-AUG-11                                                                            
      4444          4        1.5          0        1.5 01-SEP-08 31-AUG-10                                                                            
      1010          9          3          0          3 01-SEP-08 31-AUG-09                                                                            
      1111          8          3        1.5        1.5 01-SEP-07 31-AUG-09                                                                            
      1010          2        1.5        1.5          3 01-SEP-05 31-AUG-08                                                                            
      2222          3        1.5          0        1.5 01-SEP-06 31-AUG-07                                                                            

19 rows selected.

SQL> REM  --12
SQL> SELECT P
  2  FROM PROFESOR
  3  WHERE CAR IN
  4  (SELECT CAR FROM AREA WHERE CD=1)
  5  ORDER BY P DESC;

P                                                                                                                                                     
------------------------------------------------------------                                                                                          
MARIO                                                                                                                                                 
FRANCISCO                                                                                                                                             
ANGELA                                                                                                                                                

SQL> REM --13
SQL> SELECT A
  2  FROM ASIGNATURA
  3  WHERE CAS IN
  4  (SELECT CAS FROM PLAN_DOCENTE WHERE DNI=1010);

A                                                                                                                                                     
--------------------------------------------------                                                                                                    
INTELIGENCIA ARTIFICIAL                                                                                                                               
GESTION DE RIESGOS                                                                                                                                    

SQL> REM --14
SQL> SELECT A
  2  FROM ASIGNATURA
  3  WHERE CAS IN
  4  (SELECT CAS FROM PLAN_DOCENTE WHERE DNI IN
  5  (SELECT DNI FROM PROFESOR WHERE P='DAVID'));

A                                                                                                                                                     
--------------------------------------------------                                                                                                    
INTELIGENCIA ARTIFICIAL                                                                                                                               
GESTION DE RIESGOS                                                                                                                                    

SQL> SELECT A
  2  FROM CAS NATURAL JOIN PLAN_DOCENTE NATURAL JOIN PROFESOR
  3  WHERE PROFESOR = 'DAVID';
FROM CAS NATURAL JOIN PLAN_DOCENTE NATURAL JOIN PROFESOR
     *
ERROR at line 2:
ORA-00942: table or view does not exist 


SQL> SELECT A
  2  FROM ASIGNATURA NATURAL JOIN PLAN_DOCENTE NATURAL JOIN PROFESOR
  3  WHERE PROFESOR = 'DAVID';
WHERE PROFESOR = 'DAVID'
      *
ERROR at line 3:
ORA-00904: "PROFESOR": invalid identifier 


SQL> SELECT A
  2  FROM ASIGNATURA NATURAL JOIN PLAN_DOCENTE NATURAL JOIN PROFESOR
  3  WHERE P='DAVID';

A                                                                                                                                                     
--------------------------------------------------                                                                                                    
INTELIGENCIA ARTIFICIAL                                                                                                                               
GESTION DE RIESGOS                                                                                                                                    
GESTION DE RIESGOS                                                                                                                                    

SQL> SELECT DISTINCT(A)
  2  FROM ASIGNATURA NATURAL JOIN PLAN_DOCENTE NATURAL JOIN PROFESOR
  3  WHERE P='DAVID';

A                                                                                                                                                     
--------------------------------------------------                                                                                                    
GESTION DE RIESGOS                                                                                                                                    
INTELIGENCIA ARTIFICIAL                                                                                                                               

SQL> REM --15
SQL> SELECT AR
  2  FROM AREA
  3  WHERE CD IN
  4  (SELECT CD FROM DEPARTAMENTO WHERE D='ESTADISTICA, INVESTIGACION OPERATIVA Y COMPUTACION');

AR                                                                                                                                                    
------------------------------------------------------------                                                                                          
CIENCIAS DE LA COMPUTACION E INTELIGENCIA ARTIFICIAL                                                                                                  
ESTADISTICA E INVESTIGACION OPERATIVA                                                                                                                 
LENGUAJES Y SISTEMAS INFORMATICOS                                                                                                                     

SQL> REM --16
SQL> SELECT A
  2  FROM ASIGNATURA
  3  WHERE CAS IN
  4  (SELECT CAS FROM PLAN_DOCENTE WHERE FF IS NULL AND DNI IN
  5  (SELECT DNI FROM PROFESOR WHERE CAT='CU'));

A                                                                                                                                                     
--------------------------------------------------                                                                                                    
ALMACENES DE DATOS                                                                                                                                    
OPTIMIZACION                                                                                                                                          

SQL> REM --17
SQL> SELECT DISTINCT(A)
  2  FROM ASIGNATURA, PROFESOR, PLAN_DOCENTE
  3  WHERE (PLAN_DOCENTE.DNI=PROFESOR.DNI) AND (ASIGNATURA.CAS=PLAN_DOCENTE.CAS) AND (CAT='CU');

A                                                                                                                                                     
--------------------------------------------------                                                                                                    
OPTIMIZACION                                                                                                                                          
ALMACENES DE DATOS                                                                                                                                    

SQL> REM --18
SQL> SELECT A
  2  FROM ASIGNATURA
  3  WHERE CAR IN
  4  (SELECT CAR FROM AREA WHERE AR='LENGUAJES Y SISTEMAS INFORMATIVOS' OR AR='CIENCIAS DE LA COMPUTACION E INTELIGENCIA ARTIFICIAL');

A                                                                                                                                                     
--------------------------------------------------                                                                                                    
GESTION DE RIESGOS                                                                                                                                    
INTELIGENCIA ARTIFICIAL                                                                                                                               

SQL> FROM ASIGNATURA
SP2-0734: unknown command beginning "FROM ASIGN..." - rest of line ignored.
SQL> SELECT A
  2  FROM ASIGNATURA
  3  (SELECT CAR FROM AREA WHERE AR='LENGUAJES Y SISTEMAS INFORMATICOS' OR AR='CIENCIAS DE LA COMPUTACION E INTELIGENCIA ARTIFICIAL');
(SELECT CAR FROM AREA WHERE AR='LENGUAJES Y SISTEMAS INFORMATICOS' OR AR='CIENCIAS DE LA COMPUTACION E INTELIGENCIA ARTIFICIAL')
 *
ERROR at line 3:
ORA-00936: missing expression 


SQL> SELECT A
  2  FROM ASIGNATURA
  3  WHERE CAR IN
  4  (SELECT CAR FROM AREA WHERE AR='LENGUAJES Y SISTEMAS INFORMATICOS' OR AR='CIENCIAS DE LA COMPUTACION E INTELIGENCIA ARTIFICIAL');

A                                                                                                                                                     
--------------------------------------------------                                                                                                    
GESTION DE RIESGOS                                                                                                                                    
INTELIGENCIA ARTIFICIAL                                                                                                                               
INFORMATICA BASICA                                                                                                                                    
MINERIA DE DATOS                                                                                                                                      
ALMACENES DE DATOS                                                                                                                                    
BASES DE DATOS                                                                                                                                        

6 rows selected.

SQL> REM --19
SQL> SELECT P
  2  FROM PROFESOR
  3  WHERE DNI IN
  4  (SELECT DNI FROM PLAN_DOCENTE WHERE FF IS NULL AND CAS IN
  5  (SELECT CAS FROM ASIGNATURA WHERE T='GII' OR T='MII'));

P                                                                                                                                                     
------------------------------------------------------------                                                                                          
DAVID                                                                                                                                                 
JUAN                                                                                                                                                  
SOLEDAD                                                                                                                                               
CARLOS                                                                                                                                                
JOSE MANUEL                                                                                                                                           
PEDRO                                                                                                                                                 
MARIA                                                                                                                                                 
IVAN                                                                                                                                                  
ANGELA                                                                                                                                                

9 rows selected.

SQL> SELECT P
  2  FROM PROFESOR
  3  WHERE DNI IN
  4  (SELECT DNI FROM PLAN_DOCENTE WHERE FF IS NULL AND CAS IN
  5  ((SELECT CAS FROM_ASIGNATURA WHERE T='GII') INTERSECT (SELECT CAS FROM ASIGNATURA WHERE T='MII')));
((SELECT CAS FROM_ASIGNATURA WHERE T='GII') INTERSECT (SELECT CAS FROM ASIGNATURA WHERE T='MII')))
                             *
ERROR at line 5:
ORA-00923: FROM keyword not found where expected 


SQL> SELECT P
  2  FROM PROFESOR
  3  WHERE DNI IN
  4  (SELECT DNI FROM PLAN_DOCENTE WHERE FF IS NULL AND CAS IN
  5  ((SELECT CAS FROM ASIGNATURA WHERE T='GII') INTERSECT (SELECT CAS FROM ASIGNATURA WHERE T='MII')));

no rows selected

SQL> REM --21
SQL> SELECT P
  2  FROM PROFESOR
  3  WHERE DNI IN
  4  (SELECT DNI FROM (SELECT DISTINCT DNI FROM PLAN_DOCENTE MINUS
  5  SELECT DISTINCT DNI FROM PLAN_DOCENTE WHERE FF IS NULL));

P                                                                                                                                                     
------------------------------------------------------------                                                                                          
CARMEN                                                                                                                                                

SQL> REM --22
SQL> SELECT A
  2  FROM ASIGNATURA
  3  WHERE T='GII';

A                                                                                                                                                     
--------------------------------------------------                                                                                                    
BASES DE DATOS                                                                                                                                        
INTELIGENCIA ARTIFICIAL                                                                                                                               
INFORMATICA BASICA                                                                                                                                    
ALGEBRA                                                                                                                                               
CALCULO                                                                                                                                               
OPTIMIZACION                                                                                                                                          
GESTION DE RIESGOS                                                                                                                                    

7 rows selected.

SQL> SELECT *
  2  FROM ASIGNATURA;

       CAS A                                                  T           CUR        CAR         CT         CP         CL                             
---------- -------------------------------------------------- ---- ---------- ---------- ---------- ---------- ----------                             
         1 BASES DE DATOS                                     GII           3          7          3        1.5        1.5                             
         2 INTELIGENCIA ARTIFICIAL                            GII           3          4        1.5        1.5          3                             
         3 ALMACENES DE DATOS                                 MII           1          7        1.5          0        1.5                             
         4 MINERIA DE DATOS                                   MII           1          7        1.5          0        1.5                             
         5 INFORMATICA BASICA                                 GII           1          7          3        1.5        1.5                             
         6 ALGEBRA                                            GII           1          1          3          3          0                             
         7 CALCULO                                            GII           1          8          3          3          0                             
         8 OPTIMIZACION                                       GII           1          6          3        1.5        1.5                             
         9 GESTION DE RIESGOS                                 GII           3          4          3          0          3                             
        10 ASTRONOMIA                                         GF            2          3          3        1.5        1.5                             
        11 ENSENANZA DE LA MATEMATICA                         GM            2          5          6          0          0                             
        12 ANALISIS COMPLETO                                  GM            4          2        4.5          3          0                             

12 rows selected.

SQL> REM --23
SQL> SELECT AR,A
  2  FROM ASIGNATURA, AREA
  3  WHERE ASIGNATURA.CAR = AREA.CAR;

AR                                                           A                                                                                        
------------------------------------------------------------ --------------------------------------------------                                       
ALGEBRA                                                      ALGEBRA                                                                                  
ANALISIS MATEMATICO                                          ANALISIS COMPLETO                                                                        
ASTRONOMIA Y ASTROFISICA                                     ASTRONOMIA                                                                               
CIENCIAS DE LA COMPUTACION E INTELIGENCIA ARTIFICIAL         GESTION DE RIESGOS                                                                       
CIENCIAS DE LA COMPUTACION E INTELIGENCIA ARTIFICIAL         INTELIGENCIA ARTIFICIAL                                                                  
DIDACTICA DE LA MATEMATICA                                   ENSENANZA DE LA MATEMATICA                                                               
ESTADISTICA E INVESTIGACION OPERATIVA                        OPTIMIZACION                                                                             
LENGUAJES Y SISTEMAS INFORMATICOS                            INFORMATICA BASICA                                                                       
LENGUAJES Y SISTEMAS INFORMATICOS                            MINERIA DE DATOS                                                                         
LENGUAJES Y SISTEMAS INFORMATICOS                            ALMACENES DE DATOS                                                                       
LENGUAJES Y SISTEMAS INFORMATICOS                            BASES DE DATOS                                                                           
MATEMATICA APLICADA                                          CALCULO                                                                                  

12 rows selected.

SQL> REM --24
SQL> SELECT D, AR
  2  FROM DEPARTAMENTO, AREA
  3  WHERE DEPARTAMENTO.CD=AREA.CD
  4  ORDER BY D,AR;

D                                                            AR                                                                                       
------------------------------------------------------------ ------------------------------------------------------------                             
ANALISIS MATEMATICO                                          ANALISIS MATEMATICO                                                                      
ANALISIS MATEMATICO                                          DIDACTICA DE LA MATEMATICA                                                               
ANALISIS MATEMATICO                                          MATEMATICA APLICADA                                                                      
ASTROFISICA                                                  ASTRONOMIA Y ASTROFISICA                                                                 
ESTADISTICA, INVESTIGACION OPERATIVA Y COMPUTACION           CIENCIAS DE LA COMPUTACION E INTELIGENCIA ARTIFICIAL                                     
ESTADISTICA, INVESTIGACION OPERATIVA Y COMPUTACION           ESTADISTICA E INVESTIGACION OPERATIVA                                                    
ESTADISTICA, INVESTIGACION OPERATIVA Y COMPUTACION           LENGUAJES Y SISTEMAS INFORMATICOS                                                        
MATEMATICA FUNDAMENTAL                                       ALGEBRA                                                                                  

8 rows selected.

SQL> REM --25
SQL> SELECT D, P
  2  FROM DEPARTAMENTO, AREA, PROFESOR
  3  WHERE DEPARTAMENTO.CD=AREA.CD AND AREA.CAR=PROFESOR.CAR
  4  ORDER BY D,P;

D                                                            P                                                                                        
------------------------------------------------------------ ------------------------------------------------------------                             
ANALISIS MATEMATICO                                          ANGELA                                                                                   
ANALISIS MATEMATICO                                          FRANCISCO                                                                                
ANALISIS MATEMATICO                                          MARIO                                                                                    
ASTROFISICA                                                  CARMEN                                                                                   
ESTADISTICA, INVESTIGACION OPERATIVA Y COMPUTACION           CARLOS                                                                                   
ESTADISTICA, INVESTIGACION OPERATIVA Y COMPUTACION           DAVID                                                                                    
ESTADISTICA, INVESTIGACION OPERATIVA Y COMPUTACION           JOSE MANUEL                                                                              
ESTADISTICA, INVESTIGACION OPERATIVA Y COMPUTACION           JUAN                                                                                     
ESTADISTICA, INVESTIGACION OPERATIVA Y COMPUTACION           MARIA                                                                                    
ESTADISTICA, INVESTIGACION OPERATIVA Y COMPUTACION           PEDRO                                                                                    
ESTADISTICA, INVESTIGACION OPERATIVA Y COMPUTACION           SOLEDAD                                                                                  
MATEMATICA FUNDAMENTAL                                       IVAN                                                                                     

12 rows selected.

SQL> SPOOL OFF
SQL> SPOOL
currently spooling to P5_PABLO_MARTIN_GONZALEZ.lst
SQL> SELECT P
  2  FROM PROFESOR
  3  WHERE DNI IN
  4  (SELECT DNI FROM PLAN_DOCENTE NATURAL JOIN ASIGNATURA WHERE A = 'OPTIMIZACION');

P                                                                               
------------------------------------------------------------                    
JUAN                                                                            
JOSE MANUEL                                                                     

SQL> SELECT P
  2  FROM PROFESOR
  3  WHERE DNI IN
  4  (SELECT DNI FROM PLAN_DOCENTE NATURAL JOIN ASIGNATURA WHERE A = 'OPTIMIZACION')
  5  ORDER BY P;

P                                                                               
------------------------------------------------------------                    
JOSE MANUEL                                                                     
JUAN                                                                            

SQL> SPOOL OFF
